// Jest Snapshot v1, https://goo.gl/fbAQLP

exports[`Pruebas al componente <Login/>.jsx Debe hacer match con el snapshot por defecto 1`] = `
Array [
  <h4
    className="auth__title"
  >
    Iniciar Sesión
  </h4>,
  "",
  <form
    onSubmit={[Function]}
  >
    <input
      autoComplete="off"
      className="auth__input"
      name="email"
      onChange={[Function]}
      placeholder="Ingresa aquí tu e-mail."
      type="email"
      value=""
    />
    <input
      className="auth__input"
      name="password"
      onChange={[Function]}
      placeholder="Escribe aquí tu contraseña."
      type="password"
      value=""
    />
    <button
      className="btn btn-primary btn-block auth__button"
      disabled={false}
      type="submit"
    >
      Ingresar
    </button>
    <div
      className="auth__social-networks"
    >
      <p>
        Iniciar sesión con redes sociales:
      </p>
      <div
        className="auth__google-btn"
        disabled={false}
        onClick={[Function]}
      >
        <div
          className="auth__google-icon-wrapper"
        >
          <img
            alt="[google logo]"
            className="auth__google-icon"
            src="https://upload.wikimedia.org/wikipedia/commons/5/53/Google_%22G%22_Logo.svg"
          />
        </div>
        <div
          className="auth__google-btn-text"
        >
          <b>
            Sign in with google
          </b>
        </div>
      </div>
    </div>
  </form>,
  <a
    className="link"
    href="/auth/register"
    onClick={[Function]}
  >
    Crear una cuenta nueva.
  </a>,
]
`;
